To honour the JVM settings for this build a single-use Daemon process will be forked. For more on this, please refer to https://docs.gradle.org/8.14/userguide/gradle_daemon.html#sec:disabling_the_daemon in the Gradle documentation.
Daemon will be stopped at the end of the build 
> Task :app:preBuild UP-TO-DATE
> Task :app:preDebugBuild UP-TO-DATE
> Task :app:mergeDebugNativeDebugMetadata NO-SOURCE
> Task :app:checkKotlinGradlePluginConfigurationErrors SKIPPED
> Task :app:generateDebugBuildConfig
> Task :app:checkDebugAarMetadata
> Task :app:processDebugNavigationResources
> Task :app:compileDebugNavigationResources
> Task :app:generateDebugResValues
> Task :app:mapDebugSourceSetPaths
> Task :app:generateDebugResources
> Task :app:packageDebugResources
> Task :app:parseDebugLocalResources
> Task :app:createDebugCompatibleScreenManifests
> Task :app:extractDeepLinksDebug
> Task :app:mergeDebugResources
> Task :app:processDebugMainManifest
> Task :app:processDebugManifest
> Task :app:javaPreCompileDebug
> Task :app:mergeDebugShaders
> Task :app:compileDebugShaders NO-SOURCE
> Task :app:generateDebugAssets UP-TO-DATE
> Task :app:mergeDebugAssets
> Task :app:processDebugManifestForPackage
> Task :app:compressDebugAssets
> Task :app:desugarDebugFileDependencies
> Task :app:mergeDebugJniLibFolders
> Task :app:checkDebugDuplicateClasses
> Task :app:mergeDebugNativeLibs
> Task :app:processDebugResources
> Task :app:mergeLibDexDebug

> Task :app:stripDebugDebugSymbols
Unable to strip the following libraries, packaging them as they are: libandroidx.graphics.path.so. Run with --info option to learn more.

> Task :app:validateSigningDebug
> Task :app:writeDebugAppMetadata
> Task :app:writeDebugSigningConfigVersions

> Task :app:kspDebugKotlin
w: [ksp] /home/runner/work/seam-chat/seam-chat/app/src/main/java/amir/sepehr/seamchat/data/SeamDatabase.kt:13: Schema export directory was not provided to the annotation processor so Room cannot export the schema. You can either provide `room.schemaLocation` annotation processor argument by applying the Room Gradle plugin (id 'androidx.room') OR set exportSchema to false.

> Task :app:mergeExtDexDebug

> Task :app:compileDebugKotlin FAILED
e: file:///home/runner/work/seam-chat/seam-chat/app/src/main/java/amir/sepehr/seamchat/chat/ChatViewModel.kt:14:72 Property must be initialized or be abstract.
e: file:///home/runner/work/seam-chat/seam-chat/app/src/main/java/amir/sepehr/seamchat/chat/ChatViewModel.kt:14:111 Syntax error: Expecting a '>'.
e: file:///home/runner/work/seam-chat/seam-chat/app/src/main/java/amir/sepehr/seamchat/chat/ChatViewModel.kt:14:111 Syntax error: Property getter or setter expected.
e: file:///home/runner/work/seam-chat/seam-chat/app/src/main/java/amir/sepehr/seamchat/chat/ChatViewModel.kt:14:182 Property must be initialized or be abstract.
e: file:///home/runner/work/seam-chat/seam-chat/app/src/main/java/amir/sepehr/seamchat/chat/ChatViewModel.kt:14:211 Syntax error: Expecting a '>'.
e: file:///home/runner/work/seam-chat/seam-chat/app/src/main/java/amir/sepehr/seamchat/chat/ChatViewModel.kt:14:211 Syntax error: Property getter or setter expected.
e: file:///home/runner/work/seam-chat/seam-chat/app/src/main/java/amir/sepehr/seamchat/chat/ChatViewModel.kt:14:283 Property must be initialized or be abstract.
e: file:///home/runner/work/seam-chat/seam-chat/app/src/main/java/amir/sepehr/seamchat/chat/ChatViewModel.kt:14:314 Syntax error: Expecting a '>'.
e: file:///home/runner/work/seam-chat/seam-chat/app/src/main/java/amir/sepehr/seamchat/chat/ChatViewModel.kt:14:314 Syntax error: Property getter or setter expected.
e: file:///home/runner/work/seam-chat/seam-chat/app/src/main/java/amir/sepehr/seamchat/chat/ChatViewModel.kt:14:398 Property must be initialized or be abstract.
e: file:///home/runner/work/seam-chat/seam-chat/app/src/main/java/amir/sepehr/seamchat/chat/ChatViewModel.kt:14:431 Syntax error: Expecting a '>'.
e: file:///home/runner/work/seam-chat/seam-chat/app/src/main/java/amir/sepehr/seamchat/chat/ChatViewModel.kt:14:431 Syntax error: Property getter or setter expected.
e: file:///home/runner/work/seam-chat/seam-chat/app/src/main/java/amir/sepehr/seamchat/chat/ChatViewModel.kt:14:507 Property must be initialized or be abstract.
e: file:///home/runner/work/seam-chat/seam-chat/app/src/main/java/amir/sepehr/seamchat/chat/ChatViewModel.kt:14:538 Syntax error: Expecting a '>'.
e: file:///home/runner/work/seam-chat/seam-chat/app/src/main/java/amir/sepehr/seamchat/chat/ChatViewModel.kt:14:538 Syntax error: Property getter or setter expected.
e: file:///home/runner/work/seam-chat/seam-chat/app/src/main/java/amir/sepehr/seamchat/chat/ChatViewModel.kt:14:609 Property must be initialized or be abstract.
e: file:///home/runner/work/seam-chat/seam-chat/app/src/main/java/amir/sepehr/seamchat/chat/ChatViewModel.kt:14:637 Syntax error: Expecting a '>'.
e: file:///home/runner/work/seam-chat/seam-chat/app/src/main/java/amir/sepehr/seamchat/chat/ChatViewModel.kt:14:637 Syntax error: Property getter or setter expected.
e: file:///home/runner/work/seam-chat/seam-chat/app/src/main/java/amir/sepehr/seamchat/chat/ChatViewModel.kt:14:728 Property must be initialized or be abstract.
e: file:///home/runner/work/seam-chat/seam-chat/app/src/main/java/amir/sepehr/seamchat/chat/ChatViewModel.kt:14:765 Syntax error: Expecting a '>'.
e: file:///home/runner/work/seam-chat/seam-chat/app/src/main/java/amir/sepehr/seamchat/chat/ChatViewModel.kt:14:765 Syntax error: Property getter or setter expected.
e: file:///home/runner/work/seam-chat/seam-chat/app/src/main/java/amir/sepehr/seamchat/chat/ChatViewModel.kt:14:864 Property must be initialized or be abstract.
e: file:///home/runner/work/seam-chat/seam-chat/app/src/main/java/amir/sepehr/seamchat/chat/ChatViewModel.kt:14:904 Syntax error: Expecting a '>'.
e: file:///home/runner/work/seam-chat/seam-chat/app/src/main/java/amir/sepehr/seamchat/chat/ChatViewModel.kt:14:904 Syntax error: Property getter or setter expected.
e: file:///home/runner/work/seam-chat/seam-chat/app/src/main/java/amir/sepehr/seamchat/chat/ChatViewModel.kt:14:987 Property must be initialized or be abstract.
e: file:///home/runner/work/seam-chat/seam-chat/app/src/main/java/amir/sepehr/seamchat/chat/ChatViewModel.kt:14:1014 Syntax error: Expecting a '>'.
e: file:///home/runner/work/seam-chat/seam-chat/app/src/main/java/amir/sepehr/seamchat/chat/ChatViewModel.kt:14:1014 Syntax error: Property getter or setter expected.
e: file:///home/runner/work/seam-chat/seam-chat/app/src/main/java/amir/sepehr/seamchat/chat/ChatViewModel.kt:14:1084 Property must be initialized or be abstract.
e: file:///home/runner/work/seam-chat/seam-chat/app/src/main/java/amir/sepehr/seamchat/chat/ChatViewModel.kt:14:1115 Syntax error: Expecting a '>'.
e: file:///home/runner/work/seam-chat/seam-chat/app/src/main/java/amir/sepehr/seamchat/chat/ChatViewModel.kt:14:1115 Syntax error: Property getter or setter expected.
e: file:///home/runner/work/seam-chat/seam-chat/app/src/main/java/amir/sepehr/seamchat/chat/ChatViewModel.kt:14:1192 Property must be initialized or be abstract.
e: file:///home/runner/work/seam-chat/seam-chat/app/src/main/java/amir/sepehr/seamchat/chat/ChatViewModel.kt:14:1226 Syntax error: Expecting a '>'.
e: file:///home/runner/work/seam-chat/seam-chat/app/src/main/java/amir/sepehr/seamchat/chat/ChatViewModel.kt:14:1226 Syntax error: Property getter or setter expected.
e: file:///home/runner/work/seam-chat/seam-chat/app/src/main/java/amir/sepehr/seamchat/chat/ConversationRepository.kt:3:29 Unresolved reference 'ConversationDto'.
e: file:///home/runner/work/seam-chat/seam-chat/app/src/main/java/amir/sepehr/seamchat/chat/ConversationRepository.kt:4:29 Unresolved reference 'UserDto'.
e: file:///home/runner/work/seam-chat/seam-chat/app/src/main/java/amir/sepehr/seamchat/chat/ConversationRepository.kt:10:50 Unresolved reference 'ConversationDto'.
e: file:///home/runner/work/seam-chat/seam-chat/app/src/main/java/amir/sepehr/seamchat/chat/ConversationRepository.kt:14:57 Unresolved reference 'UserDto'.
e: file:///home/runner/work/seam-chat/seam-chat/app/src/main/java/amir/sepehr/seamchat/chat/ConversationRepository.kt:15:9 Return type mismatch: expected 'List<ERROR CLASS: Symbol not found for UserDto>', actual 'List<UserDto> & List<UserDto>'.
e: file:///home/runner/work/seam-chat/seam-chat/app/src/main/java/amir/sepehr/seamchat/chat/ConversationRepository.kt:18:56 Unresolved reference 'ConversationDto'.
e: file:///home/runner/work/seam-chat/seam-chat/app/src/main/java/amir/sepehr/seamchat/chat/ConversationRepository.kt:18:75 Cannot infer type for type parameter 'R'. Specify it explicitly.
e: file:///home/runner/work/seam-chat/seam-chat/app/src/main/java/amir/sepehr/seamchat/chat/ConversationRepository.kt:19:47 Unresolved reference 'CreateDirectConversationRequest'.
e: file:///home/runner/work/seam-chat/seam-chat/app/src/main/java/amir/sepehr/seamchat/chat/ConversationViewModel.kt:11:76 No value passed for parameter 'api'.
e: file:///home/runner/work/seam-chat/seam-chat/app/src/main/java/amir/sepehr/seamchat/chat/ConversationViewModel.kt:21:114 Argument type mismatch: actual type is 'Result<List<ERROR CLASS: Symbol not found for ConversationDto>>', but 'List<ConversationPreview>' was expected.
e: file:///home/runner/work/seam-chat/seam-chat/app/src/main/java/amir/sepehr/seamchat/network/ConversationApi.kt:3:29 Unresolved reference 'ConversationDto'.
e: file:///home/runner/work/seam-chat/seam-chat/app/src/main/java/amir/sepehr/seamchat/network/ConversationApi.kt:4:29 Unresolved reference 'CreateDirectConversationRequest'.
e: file:///home/runner/work/seam-chat/seam-chat/app/src/main/java/amir/sepehr/seamchat/network/ConversationApi.kt:5:29 Unresolved reference 'UserDto'.
e: file:///home/runner/work/seam-chat/seam-chat/app/src/main/java/amir/sepehr/seamchat/network/ConversationApi.kt:16:39 Unresolved reference 'ConversationDto'.
e: file:///home/runner/work/seam-chat/seam-chat/app/src/main/java/amir/sepehr/seamchat/network/ConversationApi.kt:19:45 Unresolved reference 'CreateDirectConversationRequest'.
e: file:///home/runner/work/seam-chat/seam-chat/app/src/main/java/amir/sepehr/seamchat/network/ConversationApi.kt:19:79 Unresolved reference 'ConversationDto'.
gradle/actions: Writing build results to /home/runner/work/_temp/.gradle-actions/build-results/android_build-1788615802650.json

FAILURE: Build failed with an exception.

* What went wrong:
Execution failed for task ':app:compileDebugKotlin'.
> A failure occurred while executing org.jetbrains.kotlin.compilerRunner.GradleCompilerRunnerWithWorkers$GradleKotlinCompilerWorkAction
   > Compilation error. See log for more details

* Try:
> Run with --stacktrace option to get the stack trace.
> Run with --info or --debug option to get more log output.
> Run with --scan to get full insights.
> Get more help at https://help.gradle.org.

BUILD FAILED in 41s
32 actionable tasks: 32 executed
